ARM Linker, 5.02 [Build 28] [MDK-ARM Lite]

==============================================================================

Section Cross References

    startup_stm32f10x_md.o(RESET) refers to startup_stm32f10x_md.o(STACK) for __initial_sp
    startup_stm32f10x_md.o(RESET) refers to startup_stm32f10x_md.o(.text) for Reset_Handler
    startup_stm32f10x_md.o(RESET) refers to hal_cm3.o(.emb_text) for SVC_Handler
    startup_stm32f10x_md.o(.text) refers to system_stm32f10x.o(.text) for SystemInit
    startup_stm32f10x_md.o(.text) refers to entry.o(.ARM.Collect$$$$00000000) for __main
    system_stm32f10x.o(.text) refers to system_stm32f10x.o(.data) for SystemCoreClock
    rtx_config.o(.text) refers to blinky.o(.data) for task_event_simulator
    blinky.o(.text) refers to hal_cm3.o(.emb_text) for os_set_env
    blinky.o(.text) refers to blinky.o(.data) for CurrentState
    blinky.o(.text) refers to rt_time.o(i.rt_dly_wait) for rt_dly_wait
    blinky.o(.text) refers to rt_semaphore.o(i.rt_sem_send) for rt_sem_send
    blinky.o(.text) refers to rt_semaphore.o(i.rt_sem_wait) for rt_sem_wait
    blinky.o(.text) refers to rt_semaphore.o(i.rt_sem_init) for rt_sem_init
    blinky.o(.text) refers to rt_task.o(i.rt_tsk_create) for rt_tsk_create
    blinky.o(.text) refers to rt_task.o(i.rt_tsk_delete) for rt_tsk_delete
    blinky.o(.text) refers to rt_task.o(i.rt_sys_init) for rt_sys_init
    rt_task.o(i.rt_block) refers to rt_list.o(i.rt_put_dly) for rt_put_dly
    rt_task.o(i.rt_block) refers to rt_list.o(i.rt_get_first) for rt_get_first
    rt_task.o(i.rt_block) refers to rt_task.o(i.rt_switch_req) for rt_switch_req
    rt_task.o(i.rt_block) refers to rt_task.o(.data) for .data
    rt_task.o(i.rt_block) refers to rt_list.o(.bss) for os_rdy
    rt_task.o(i.rt_dispatch) refers to rt_list.o(i.rt_put_rdy_first) for rt_put_rdy_first
    rt_task.o(i.rt_dispatch) refers to rt_task.o(i.rt_switch_req) for rt_switch_req
    rt_task.o(i.rt_dispatch) refers to rt_list.o(i.rt_get_first) for rt_get_first
    rt_task.o(i.rt_dispatch) refers to rt_list.o(i.rt_put_prio) for rt_put_prio
    rt_task.o(i.rt_dispatch) refers to rt_task.o(.data) for .data
    rt_task.o(i.rt_dispatch) refers to rt_list.o(.bss) for os_rdy
    rt_task.o(i.rt_init_context) refers to rt_membox.o(i.rt_alloc_box) for rt_alloc_box
    rt_task.o(i.rt_init_context) refers to hal_cm3.o(i.rt_init_stack) for rt_init_stack
    rt_task.o(i.rt_init_context) refers to rtx_config.o(.bss) for mp_stk
    rt_task.o(i.rt_switch_req) refers to hal_cm3.o(i.dbg_task_switch) for dbg_task_switch
    rt_task.o(i.rt_switch_req) refers to rt_task.o(.data) for .data
    rt_task.o(i.rt_switch_req) refers to hal_cm3.o(.data) for dbg_msg
    rt_task.o(i.rt_sys_init) refers to hal_cm3.o(i.dbg_init) for dbg_init
    rt_task.o(i.rt_sys_init) refers to rt_membox.o(i._init_box) for _init_box
    rt_task.o(i.rt_sys_init) refers to rt_task.o(i.rt_init_context) for rt_init_context
    rt_task.o(i.rt_sys_init) refers to hal_cm3.o(.emb_text) for rt_set_PSP
    rt_task.o(i.rt_sys_init) refers to rt_robin.o(i.rt_init_robin) for rt_init_robin
    rt_task.o(i.rt_sys_init) refers to rt_system.o(i.os_tick_init) for os_tick_init
    rt_task.o(i.rt_sys_init) refers to rt_task.o(i.rt_tsk_create) for rt_tsk_create
    rt_task.o(i.rt_sys_init) refers to rtx_config.o(.bss) for os_active_TCB
    rt_task.o(i.rt_sys_init) refers to rtx_config.o(.constdata) for os_maxtaskrun
    rt_task.o(i.rt_sys_init) refers to rtx_config.o(.data) for m_tmr
    rt_task.o(i.rt_sys_init) refers to rt_task.o(.bss) for .bss
    rt_task.o(i.rt_sys_init) refers to rtx_config.o(.text) for os_idle_demon
    rt_task.o(i.rt_sys_init) refers to rt_list.o(.bss) for os_rdy
    rt_task.o(i.rt_sys_init) refers to rt_task.o(.data) for .data
    rt_task.o(i.rt_sys_init) refers to rt_system.o(.data) for os_tick_irqn
    rt_task.o(i.rt_tsk_create) refers to rt_membox.o(i.rt_alloc_box) for rt_alloc_box
    rt_task.o(i.rt_tsk_create) refers to rt_task.o(i.rt_init_context) for rt_init_context
    rt_task.o(i.rt_tsk_create) refers to hal_cm3.o(i.dbg_task_notify) for dbg_task_notify
    rt_task.o(i.rt_tsk_create) refers to rt_task.o(i.rt_dispatch) for rt_dispatch
    rt_task.o(i.rt_tsk_create) refers to rtx_config.o(.bss) for mp_tcb
    rt_task.o(i.rt_tsk_create) refers to rtx_config.o(.constdata) for os_maxtaskrun
    rt_task.o(i.rt_tsk_create) refers to hal_cm3.o(.data) for dbg_msg
    rt_task.o(i.rt_tsk_create) refers to rt_task.o(.data) for .data
    rt_task.o(i.rt_tsk_delete) refers to hal_cm3.o(.emb_text) for rt_get_PSP
    rt_task.o(i.rt_tsk_delete) refers to rt_system.o(i.rt_stk_check) for rt_stk_check
    rt_task.o(i.rt_tsk_delete) refers to rt_membox.o(i.rt_free_box) for rt_free_box
    rt_task.o(i.rt_tsk_delete) refers to hal_cm3.o(i.dbg_task_notify) for dbg_task_notify
    rt_task.o(i.rt_tsk_delete) refers to rt_task.o(i.rt_dispatch) for rt_dispatch
    rt_task.o(i.rt_tsk_delete) refers to rt_list.o(i.rt_rmv_list) for rt_rmv_list
    rt_task.o(i.rt_tsk_delete) refers to rt_list.o(i.rt_rmv_dly) for rt_rmv_dly
    rt_task.o(i.rt_tsk_delete) refers to hal_cm3.o(.data) for dbg_msg
    rt_task.o(i.rt_tsk_delete) refers to rt_task.o(.data) for .data
    rt_task.o(i.rt_tsk_delete) refers to rtx_config.o(.bss) for os_active_TCB
    rt_task.o(i.rt_tsk_delete) refers to rtx_config.o(.constdata) for os_maxtaskrun
    rt_task.o(i.rt_tsk_pass) refers to rt_list.o(i.rt_get_same_rdy_prio) for rt_get_same_rdy_prio
    rt_task.o(i.rt_tsk_pass) refers to rt_list.o(i.rt_put_prio) for rt_put_prio
    rt_task.o(i.rt_tsk_pass) refers to rt_task.o(i.rt_switch_req) for rt_switch_req
    rt_task.o(i.rt_tsk_pass) refers to rt_task.o(.data) for .data
    rt_task.o(i.rt_tsk_pass) refers to rt_list.o(.bss) for os_rdy
    rt_task.o(i.rt_tsk_prio) refers to rt_list.o(i.rt_put_prio) for rt_put_prio
    rt_task.o(i.rt_tsk_prio) refers to rt_list.o(i.rt_resort_prio) for rt_resort_prio
    rt_task.o(i.rt_tsk_prio) refers to rt_list.o(i.rt_get_first) for rt_get_first
    rt_task.o(i.rt_tsk_prio) refers to rt_task.o(i.rt_dispatch) for rt_dispatch
    rt_task.o(i.rt_tsk_prio) refers to rt_task.o(.data) for .data
    rt_task.o(i.rt_tsk_prio) refers to rtx_config.o(.constdata) for os_maxtaskrun
    rt_task.o(i.rt_tsk_prio) refers to rtx_config.o(.bss) for os_active_TCB
    rt_task.o(i.rt_tsk_prio) refers to rt_list.o(.bss) for os_rdy
    rt_task.o(i.rt_tsk_self) refers to rt_task.o(.data) for .data
    rt_semaphore.o(i.isr_sem_send) refers to rt_list.o(i.rt_psq_enq) for rt_psq_enq
    rt_semaphore.o(i.isr_sem_send) refers to rt_system.o(i.rt_psh_req) for rt_psh_req
    rt_semaphore.o(i.rt_sem_psh) refers to rt_list.o(i.rt_get_first) for rt_get_first
    rt_semaphore.o(i.rt_sem_psh) refers to rt_list.o(i.rt_rmv_dly) for rt_rmv_dly
    rt_semaphore.o(i.rt_sem_psh) refers to rt_list.o(i.rt_put_prio) for rt_put_prio
    rt_semaphore.o(i.rt_sem_psh) refers to rt_list.o(.bss) for os_rdy
    rt_semaphore.o(i.rt_sem_send) refers to rt_list.o(i.rt_get_first) for rt_get_first
    rt_semaphore.o(i.rt_sem_send) refers to rt_list.o(i.rt_rmv_dly) for rt_rmv_dly
    rt_semaphore.o(i.rt_sem_send) refers to rt_task.o(i.rt_dispatch) for rt_dispatch
    rt_semaphore.o(i.rt_sem_send) refers to rt_task.o(.data) for os_tsk
    rt_semaphore.o(i.rt_sem_wait) refers to rt_list.o(i.rt_put_prio) for rt_put_prio
    rt_semaphore.o(i.rt_sem_wait) refers to rt_task.o(i.rt_block) for rt_block
    rt_semaphore.o(i.rt_sem_wait) refers to rt_task.o(.data) for os_tsk
    rt_time.o(i.rt_dly_wait) refers to rt_task.o(i.rt_block) for rt_block
    rt_time.o(i.rt_itv_set) refers to rt_task.o(.data) for os_tsk
    rt_time.o(i.rt_itv_set) refers to rt_time.o(.data) for .data
    rt_time.o(i.rt_itv_wait) refers to rt_task.o(i.rt_block) for rt_block
    rt_time.o(i.rt_itv_wait) refers to rt_task.o(.data) for os_tsk
    rt_time.o(i.rt_itv_wait) refers to rt_time.o(.data) for .data
    rt_time.o(i.rt_time_get) refers to rt_time.o(.data) for .data
    hal_cm3.o(.emb_text) refers to rtx_config.o(.constdata) for os_flags
    hal_cm3.o(.emb_text) refers to rt_membox.o(i.rt_alloc_box) for rt_alloc_box
    hal_cm3.o(.emb_text) refers to rt_membox.o(i.rt_free_box) for rt_free_box
    hal_cm3.o(.emb_text) refers to rt_system.o(i.rt_stk_check) for rt_stk_check
    hal_cm3.o(.emb_text) refers to rt_task.o(.data) for os_tsk
    hal_cm3.o(.emb_text) refers to SVC_Table.o(SVC_TABLE) for SVC_Count
    hal_cm3.o(.emb_text) refers to rt_system.o(i.rt_pop_req) for rt_pop_req
    hal_cm3.o(.emb_text) refers to rt_system.o(i.rt_systick) for rt_systick
    hal_cm3.o(.emb_text) refers to rt_system.o(i.os_tick_irqack) for os_tick_irqack
    hal_cm3.o(i.dbg_init) refers to hal_cm3.o(.data) for .data
    hal_cm3.o(i.rt_init_stack) refers to rtx_config.o(.constdata) for os_stackinfo
    rt_system.o(i.os_tick_init) refers to rtx_config.o(.constdata) for os_trv
    rt_system.o(i.rt_pop_req) refers to rt_list.o(i.rt_put_rdy_first) for rt_put_rdy_first
    rt_system.o(i.rt_pop_req) refers to rt_semaphore.o(i.rt_sem_psh) for rt_sem_psh
    rt_system.o(i.rt_pop_req) refers to rt_list.o(i.rt_get_first) for rt_get_first
    rt_system.o(i.rt_pop_req) refers to rt_task.o(i.rt_switch_req) for rt_switch_req
    rt_system.o(i.rt_pop_req) refers to rt_event.o(i.rt_evt_psh) for rt_evt_psh
    rt_system.o(i.rt_pop_req) refers to rt_mailbox.o(i.rt_mbx_psh) for rt_mbx_psh
    rt_system.o(i.rt_pop_req) refers to rt_task.o(.data) for os_tsk
    rt_system.o(i.rt_pop_req) refers to rtx_config.o(.bss) for os_fifo
    rt_system.o(i.rt_pop_req) refers to rt_list.o(.bss) for os_rdy
    rt_system.o(i.rt_psh_req) refers to rt_system.o(.data) for .data
    rt_system.o(i.rt_resume) refers to rt_list.o(i.rt_put_rdy_first) for rt_put_rdy_first
    rt_system.o(i.rt_resume) refers to rt_list.o(i.rt_dec_dly) for rt_dec_dly
    rt_system.o(i.rt_resume) refers to rt_timer.o(i.rt_tmr_tick) for rt_tmr_tick
    rt_system.o(i.rt_resume) refers to rt_list.o(i.rt_get_first) for rt_get_first
    rt_system.o(i.rt_resume) refers to rt_task.o(i.rt_switch_req) for rt_switch_req
    rt_system.o(i.rt_resume) refers to rt_system.o(i.rt_tsk_unlock) for rt_tsk_unlock
    rt_system.o(i.rt_resume) refers to rt_task.o(.data) for os_tsk
    rt_system.o(i.rt_resume) refers to rt_robin.o(.data) for os_robin
    rt_system.o(i.rt_resume) refers to rt_list.o(.bss) for os_dly
    rt_system.o(i.rt_resume) refers to rt_time.o(.data) for os_time
    rt_system.o(i.rt_resume) refers to rt_timer.o(.data) for os_tmr
    rt_system.o(i.rt_stk_check) refers to rtx_config.o(.text) for os_error
    rt_system.o(i.rt_stk_check) refers to rt_task.o(.data) for os_tsk
    rt_system.o(i.rt_suspend) refers to rt_system.o(i.rt_tsk_lock) for rt_tsk_lock
    rt_system.o(i.rt_suspend) refers to rt_list.o(.bss) for os_dly
    rt_system.o(i.rt_suspend) refers to rt_timer.o(.data) for os_tmr
    rt_system.o(i.rt_systick) refers to rt_list.o(i.rt_put_rdy_first) for rt_put_rdy_first
    rt_system.o(i.rt_systick) refers to rt_robin.o(i.rt_chk_robin) for rt_chk_robin
    rt_system.o(i.rt_systick) refers to rt_list.o(i.rt_dec_dly) for rt_dec_dly
    rt_system.o(i.rt_systick) refers to rt_timer.o(i.rt_tmr_tick) for rt_tmr_tick
    rt_system.o(i.rt_systick) refers to rt_list.o(i.rt_get_first) for rt_get_first
    rt_system.o(i.rt_systick) refers to rt_task.o(i.rt_switch_req) for rt_switch_req
    rt_system.o(i.rt_systick) refers to rt_task.o(.data) for os_tsk
    rt_system.o(i.rt_systick) refers to rt_time.o(.data) for os_time
    rt_system.o(i.rt_systick) refers to rt_list.o(.bss) for os_rdy
    rt_system.o(i.rt_tsk_lock) refers to rt_system.o(.data) for .data
    rt_system.o(i.rt_tsk_unlock) refers to rt_system.o(.data) for .data
    rt_list.o(i.rt_dec_dly) refers to rt_list.o(i.rt_put_prio) for rt_put_prio
    rt_list.o(i.rt_dec_dly) refers to rt_list.o(.bss) for .bss
    rt_list.o(i.rt_dec_dly) refers to rt_time.o(.data) for os_time
    rt_list.o(i.rt_get_same_rdy_prio) refers to rt_list.o(.bss) for .bss
    rt_list.o(i.rt_get_same_rdy_prio) refers to rt_task.o(.data) for os_tsk
    rt_list.o(i.rt_psq_enq) refers to rtx_config.o(.text) for os_error
    rt_list.o(i.rt_psq_enq) refers to rtx_config.o(.bss) for os_fifo
    rt_list.o(i.rt_put_dly) refers to rt_list.o(.bss) for .bss
    rt_list.o(i.rt_put_rdy_first) refers to rt_list.o(.bss) for .bss
    rt_list.o(i.rt_resort_prio) refers to rt_list.o(i.rt_rmv_list) for rt_rmv_list
    rt_list.o(i.rt_resort_prio) refers to rt_list.o(i.rt_put_prio) for rt_put_prio
    rt_list.o(i.rt_resort_prio) refers to rt_list.o(.bss) for .bss
    rt_list.o(i.rt_rmv_list) refers to rt_list.o(.bss) for .bss
    rt_robin.o(i.rt_chk_robin) refers to rt_list.o(i.rt_get_first) for rt_get_first
    rt_robin.o(i.rt_chk_robin) refers to rt_list.o(i.rt_put_prio) for rt_put_prio
    rt_robin.o(i.rt_chk_robin) refers to rt_robin.o(.data) for .data
    rt_robin.o(i.rt_chk_robin) refers to rt_list.o(.bss) for os_rdy
    rt_robin.o(i.rt_chk_robin) refers to rt_time.o(.data) for os_time
    rt_robin.o(i.rt_init_robin) refers to rt_robin.o(.data) for .data
    rt_robin.o(i.rt_init_robin) refers to rtx_config.o(.constdata) for os_rrobin
    rt_membox.o(i._calloc_box) refers to hal_cm3.o(.emb_text) for _alloc_box
    rt_event.o(i.isr_evt_set) refers to rt_list.o(i.rt_psq_enq) for rt_psq_enq
    rt_event.o(i.isr_evt_set) refers to rt_system.o(i.rt_psh_req) for rt_psh_req
    rt_event.o(i.isr_evt_set) refers to rtx_config.o(.bss) for os_active_TCB
    rt_event.o(i.rt_evt_clr) refers to rtx_config.o(.bss) for os_active_TCB
    rt_event.o(i.rt_evt_get) refers to rt_task.o(.data) for os_tsk
    rt_event.o(i.rt_evt_psh) refers to rt_list.o(i.rt_rmv_dly) for rt_rmv_dly
    rt_event.o(i.rt_evt_psh) refers to rt_list.o(i.rt_put_prio) for rt_put_prio
    rt_event.o(i.rt_evt_psh) refers to rt_list.o(.bss) for os_rdy
    rt_event.o(i.rt_evt_set) refers to rt_list.o(i.rt_rmv_dly) for rt_rmv_dly
    rt_event.o(i.rt_evt_set) refers to rt_task.o(i.rt_dispatch) for rt_dispatch
    rt_event.o(i.rt_evt_set) refers to rtx_config.o(.bss) for os_active_TCB
    rt_event.o(i.rt_evt_wait) refers to rt_task.o(i.rt_block) for rt_block
    rt_event.o(i.rt_evt_wait) refers to rt_task.o(.data) for os_tsk
    rt_mailbox.o(i.isr_mbx_receive) refers to rt_list.o(i.rt_psq_enq) for rt_psq_enq
    rt_mailbox.o(i.isr_mbx_receive) refers to rt_system.o(i.rt_psh_req) for rt_psh_req
    rt_mailbox.o(i.isr_mbx_send) refers to rt_list.o(i.rt_psq_enq) for rt_psq_enq
    rt_mailbox.o(i.isr_mbx_send) refers to rt_system.o(i.rt_psh_req) for rt_psh_req
    rt_mailbox.o(i.rt_mbx_psh) refers to rt_list.o(i.rt_get_first) for rt_get_first
    rt_mailbox.o(i.rt_mbx_psh) refers to rt_list.o(i.rt_rmv_dly) for rt_rmv_dly
    rt_mailbox.o(i.rt_mbx_psh) refers to rt_list.o(i.rt_put_prio) for rt_put_prio
    rt_mailbox.o(i.rt_mbx_psh) refers to rtx_config.o(.text) for os_error
    rt_mailbox.o(i.rt_mbx_psh) refers to rt_list.o(.bss) for os_rdy
    rt_mailbox.o(i.rt_mbx_send) refers to rt_list.o(i.rt_put_prio) for rt_put_prio
    rt_mailbox.o(i.rt_mbx_send) refers to rt_list.o(i.rt_get_first) for rt_get_first
    rt_mailbox.o(i.rt_mbx_send) refers to rt_list.o(i.rt_rmv_dly) for rt_rmv_dly
    rt_mailbox.o(i.rt_mbx_send) refers to rt_task.o(i.rt_dispatch) for rt_dispatch
    rt_mailbox.o(i.rt_mbx_send) refers to rt_task.o(i.rt_block) for rt_block
    rt_mailbox.o(i.rt_mbx_send) refers to rt_task.o(.data) for os_tsk
    rt_mailbox.o(i.rt_mbx_wait) refers to rt_list.o(i.rt_get_first) for rt_get_first
    rt_mailbox.o(i.rt_mbx_wait) refers to rt_list.o(i.rt_rmv_dly) for rt_rmv_dly
    rt_mailbox.o(i.rt_mbx_wait) refers to rt_task.o(i.rt_dispatch) for rt_dispatch
    rt_mailbox.o(i.rt_mbx_wait) refers to rt_list.o(i.rt_put_prio) for rt_put_prio
    rt_mailbox.o(i.rt_mbx_wait) refers to rt_task.o(i.rt_block) for rt_block
    rt_mailbox.o(i.rt_mbx_wait) refers to rt_task.o(.data) for os_tsk
    rt_timer.o(i.rt_tmr_create) refers to rt_membox.o(i.rt_alloc_box) for rt_alloc_box
    rt_timer.o(i.rt_tmr_create) refers to rtx_config.o(.data) for m_tmr
    rt_timer.o(i.rt_tmr_create) refers to rt_timer.o(.data) for .data
    rt_timer.o(i.rt_tmr_kill) refers to rt_membox.o(i.rt_free_box) for rt_free_box
    rt_timer.o(i.rt_tmr_kill) refers to rt_timer.o(.data) for .data
    rt_timer.o(i.rt_tmr_kill) refers to rtx_config.o(.data) for m_tmr
    rt_timer.o(i.rt_tmr_tick) refers to rtx_config.o(.text) for os_tmr_call
    rt_timer.o(i.rt_tmr_tick) refers to rt_membox.o(i.rt_free_box) for rt_free_box
    rt_timer.o(i.rt_tmr_tick) refers to rt_timer.o(.data) for .data
    rt_timer.o(i.rt_tmr_tick) refers to rtx_config.o(.data) for m_tmr
    entry.o(.ARM.Collect$$$$00000000) refers (Special) to entry7b.o(.ARM.Collect$$$$00000008) for _main_clock
    entry.o(.ARM.Collect$$$$00000000) refers (Special) to entry8.o(.ARM.Collect$$$$00000009) for _main_init
    entry.o(.ARM.Collect$$$$00000000) refers (Special) to entry5.o(.ARM.Collect$$$$00000004) for _main_scatterload
    entry.o(.ARM.Collect$$$$00000000) refers (Special) to entry2.o(.ARM.Collect$$$$00000001) for _main_stk
    entry2.o(.ARM.Collect$$$$00000001) refers to entry2.o(.ARM.Collect$$$$00002712) for __lit__00000000
    entry2.o(.ARM.Collect$$$$00002712) refers to startup_stm32f10x_md.o(STACK) for __initial_sp
    entry2.o(__vectab_stack_and_reset_area) refers to startup_stm32f10x_md.o(STACK) for __initial_sp
    entry2.o(__vectab_stack_and_reset_area) refers to entry.o(.ARM.Collect$$$$00000000) for __main
    entry5.o(.ARM.Collect$$$$00000004) refers to init.o(.text) for __scatterload
    entry8.o(.ARM.Collect$$$$00000009) refers to blinky.o(.text) for main
    init.o(.text) refers to entry5.o(.ARM.Collect$$$$00000004) for __main_after_scatterload


==============================================================================

Removing Unused input sections from the image.

    Removing startup_stm32f10x_md.o(HEAP), (512 bytes).
    Removing system_stm32f10x.o(.rev16_text), (4 bytes).
    Removing system_stm32f10x.o(.revsh_text), (4 bytes).
    Removing retarget.o(.text), (4 bytes).
    Removing blinky.o(.rev16_text), (4 bytes).
    Removing blinky.o(.revsh_text), (4 bytes).
    Removing rt_task.o(i.rt_tsk_pass), (48 bytes).
    Removing rt_task.o(i.rt_tsk_prio), (128 bytes).
    Removing rt_task.o(i.rt_tsk_self), (16 bytes).
    Removing rt_semaphore.o(i.isr_sem_send), (16 bytes).
    Removing rt_time.o(i.rt_itv_set), (24 bytes).
    Removing rt_time.o(i.rt_itv_wait), (44 bytes).
    Removing rt_time.o(i.rt_time_get), (12 bytes).
    Removing rt_system.o(.emb_text), (0 bytes).
    Removing rt_system.o(i.rt_psh_req), (32 bytes).
    Removing rt_system.o(i.rt_resume), (176 bytes).
    Removing rt_system.o(i.rt_suspend), (44 bytes).
    Removing rt_system.o(i.rt_tsk_lock), (80 bytes).
    Removing rt_system.o(i.rt_tsk_unlock), (80 bytes).
    Removing rt_list.o(i.rt_get_same_rdy_prio), (36 bytes).
    Removing rt_list.o(i.rt_psq_enq), (88 bytes).
    Removing rt_list.o(i.rt_resort_prio), (52 bytes).
    Removing rt_membox.o(i._calloc_box), (30 bytes).
    Removing rt_event.o(i.isr_evt_set), (40 bytes).
    Removing rt_event.o(i.rt_evt_clr), (28 bytes).
    Removing rt_event.o(i.rt_evt_get), (12 bytes).
    Removing rt_event.o(i.rt_evt_set), (96 bytes).
    Removing rt_event.o(i.rt_evt_wait), (64 bytes).
    Removing rt_mailbox.o(i.isr_mbx_receive), (84 bytes).
    Removing rt_mailbox.o(i.isr_mbx_send), (14 bytes).
    Removing rt_mailbox.o(i.rt_mbx_check), (8 bytes).
    Removing rt_mailbox.o(i.rt_mbx_init), (26 bytes).
    Removing rt_mailbox.o(i.rt_mbx_send), (160 bytes).
    Removing rt_mailbox.o(i.rt_mbx_wait), (184 bytes).
    Removing rt_timer.o(i.rt_tmr_create), (80 bytes).
    Removing rt_timer.o(i.rt_tmr_kill), (52 bytes).

36 unused section(s) (total 2286 bytes) removed from the image.

==============================================================================

Image Symbol Table

    Local Symbols

    Symbol Name                              Value     Ov Type        Size  Object(Section)

    ../clib/microlib/init/entry.s            0x00000000   Number         0  entry8.o ABSOLUTE
    ../clib/microlib/init/entry.s            0x00000000   Number         0  entry7b.o ABSOLUTE
    ../clib/microlib/init/entry.s            0x00000000   Number         0  entry7a.o ABSOLUTE
    ../clib/microlib/init/entry.s            0x00000000   Number         0  entry2.o ABSOLUTE
    ../clib/microlib/init/entry.s            0x00000000   Number         0  entry5.o ABSOLUTE
    ../clib/microlib/init/entry.s            0x00000000   Number         0  entry.o ABSOLUTE
    Blinky.c                                 0x00000000   Number         0  blinky.o ABSOLUTE
    Blinky.c                                 0x00000000   Number         0  blinky.o ABSOLUTE
    RTX_Config.c                             0x00000000   Number         0  rtx_config.o ABSOLUTE
    Retarget.c                               0x00000000   Number         0  retarget.o ABSOLUTE
    SRC\CM\HAL_CM3.c                         0x00000000   Number         0  hal_cm3.o ABSOLUTE
    SRC\CM\SVC_Table.s                       0x00000000   Number         0  SVC_Table.o ABSOLUTE
    SRC\CM\rt_Event.c                        0x00000000   Number         0  rt_event.o ABSOLUTE
    SRC\CM\rt_List.c                         0x00000000   Number         0  rt_list.o ABSOLUTE
    SRC\CM\rt_Mailbox.c                      0x00000000   Number         0  rt_mailbox.o ABSOLUTE
    SRC\CM\rt_MemBox.c                       0x00000000   Number         0  rt_membox.o ABSOLUTE
    SRC\CM\rt_Robin.c                        0x00000000   Number         0  rt_robin.o ABSOLUTE
    SRC\CM\rt_Semaphore.c                    0x00000000   Number         0  rt_semaphore.o ABSOLUTE
    SRC\CM\rt_System.c                       0x00000000   Number         0  rt_system.o ABSOLUTE
    SRC\CM\rt_Task.c                         0x00000000   Number         0  rt_task.o ABSOLUTE
    SRC\CM\rt_Time.c                         0x00000000   Number         0  rt_time.o ABSOLUTE
    SRC\CM\rt_Timer.c                        0x00000000   Number         0  rt_timer.o ABSOLUTE
    SRC\\CM\\HAL_CM3.c                       0x00000000   Number         0  hal_cm3.o ABSOLUTE
    SRC\\CM\\rt_System.c                     0x00000000   Number         0  rt_system.o ABSOLUTE
    dc.s                                     0x00000000   Number         0  dc.o ABSOLUTE
    handlers.s                               0x00000000   Number         0  handlers.o ABSOLUTE
    init.s                                   0x00000000   Number         0  init.o ABSOLUTE
    startup_stm32f10x_md.s                   0x00000000   Number         0  startup_stm32f10x_md.o ABSOLUTE
    system_stm32f10x.c                       0x00000000   Number         0  system_stm32f10x.o ABSOLUTE
    system_stm32f10x.c                       0x00000000   Number         0  system_stm32f10x.o ABSOLUTE
    RESET                                    0x08000000   Section      236  startup_stm32f10x_md.o(RESET)
    .ARM.Collect$$$$00000000                 0x080000ec   Section        0  entry.o(.ARM.Collect$$$$00000000)
    .ARM.Collect$$$$00000001                 0x080000ec   Section        4  entry2.o(.ARM.Collect$$$$00000001)
    .ARM.Collect$$$$00000004                 0x080000f0   Section        4  entry5.o(.ARM.Collect$$$$00000004)
    .ARM.Collect$$$$00000008                 0x080000f4   Section        0  entry7b.o(.ARM.Collect$$$$00000008)
    .ARM.Collect$$$$00000009                 0x080000f4   Section        8  entry8.o(.ARM.Collect$$$$00000009)
    .ARM.Collect$$$$00002712                 0x080000fc   Section        4  entry2.o(.ARM.Collect$$$$00002712)
    __lit__00000000                          0x080000fc   Data           4  entry2.o(.ARM.Collect$$$$00002712)
    .emb_text                                0x08000100   Section      340  hal_cm3.o(.emb_text)
    .text                                    0x08000254   Section       36  startup_stm32f10x_md.o(.text)
    .text                                    0x08000278   Section        0  system_stm32f10x.o(.text)
    SetSysClockTo72                          0x08000279   Thumb Code   192  system_stm32f10x.o(.text)
    SetSysClock                              0x08000339   Thumb Code     8  system_stm32f10x.o(.text)
    .text                                    0x08000440   Section        0  rtx_config.o(.text)
    .text                                    0x08000468   Section        0  blinky.o(.text)
    .text                                    0x080007b4   Section       36  init.o(.text)
    SVC_TABLE                                0x080007d8   Section        4  SVC_Table.o(SVC_TABLE)
    i.__scatterload_copy                     0x080007dc   Section       14  handlers.o(i.__scatterload_copy)
    i.__scatterload_null                     0x080007ea   Section        2  handlers.o(i.__scatterload_null)
    i.__scatterload_zeroinit                 0x080007ec   Section       14  handlers.o(i.__scatterload_zeroinit)
    i._init_box                              0x080007fa   Section        0  rt_membox.o(i._init_box)
    i.dbg_init                               0x08000840   Section        0  hal_cm3.o(i.dbg_init)
    i.dbg_task_notify                        0x08000870   Section        0  hal_cm3.o(i.dbg_task_notify)
    i.dbg_task_switch                        0x08000890   Section        0  hal_cm3.o(i.dbg_task_switch)
    i.os_tick_init                           0x080008a0   Section        0  rt_system.o(i.os_tick_init)
    i.os_tick_irqack                         0x080008c8   Section        0  rt_system.o(i.os_tick_irqack)
    i.rt_alloc_box                           0x080008ca   Section        0  rt_membox.o(i.rt_alloc_box)
    i.rt_block                               0x080008e4   Section        0  rt_task.o(i.rt_block)
    i.rt_chk_robin                           0x0800091c   Section        0  rt_robin.o(i.rt_chk_robin)
    i.rt_dec_dly                             0x08000964   Section        0  rt_list.o(i.rt_dec_dly)
    i.rt_dispatch                            0x080009d8   Section        0  rt_task.o(i.rt_dispatch)
    i.rt_dly_wait                            0x08000a1c   Section        0  rt_time.o(i.rt_dly_wait)
    i.rt_evt_psh                             0x08000a24   Section        0  rt_event.o(i.rt_evt_psh)
    i.rt_free_box                            0x08000a70   Section        0  rt_membox.o(i.rt_free_box)
    i.rt_get_first                           0x08000a90   Section        0  rt_list.o(i.rt_get_first)
    i.rt_init_context                        0x08000ab8   Section        0  rt_task.o(i.rt_init_context)
    rt_init_context                          0x08000ab9   Thumb Code    64  rt_task.o(i.rt_init_context)
    i.rt_init_robin                          0x08000afc   Section        0  rt_robin.o(i.rt_init_robin)
    i.rt_init_stack                          0x08000b14   Section        0  hal_cm3.o(i.rt_init_stack)
    i.rt_mbx_psh                             0x08000b64   Section        0  rt_mailbox.o(i.rt_mbx_psh)
    i.rt_pop_req                             0x08000c24   Section        0  rt_system.o(i.rt_pop_req)
    i.rt_put_dly                             0x08000c9c   Section        0  rt_list.o(i.rt_put_dly)
    i.rt_put_prio                            0x08000ce4   Section        0  rt_list.o(i.rt_put_prio)
    i.rt_put_rdy_first                       0x08000d1c   Section        0  rt_list.o(i.rt_put_rdy_first)
    i.rt_rmv_dly                             0x08000d30   Section        0  rt_list.o(i.rt_rmv_dly)
    i.rt_rmv_list                            0x08000d58   Section        0  rt_list.o(i.rt_rmv_list)
    i.rt_sem_init                            0x08000d88   Section        0  rt_semaphore.o(i.rt_sem_init)
    i.rt_sem_psh                             0x08000d94   Section        0  rt_semaphore.o(i.rt_sem_psh)
    i.rt_sem_send                            0x08000dc8   Section        0  rt_semaphore.o(i.rt_sem_send)
    i.rt_sem_wait                            0x08000e00   Section        0  rt_semaphore.o(i.rt_sem_wait)
    i.rt_stk_check                           0x08000e3c   Section        0  rt_system.o(i.rt_stk_check)
    i.rt_switch_req                          0x08000e60   Section        0  rt_task.o(i.rt_switch_req)
    i.rt_sys_init                            0x08000e88   Section        0  rt_task.o(i.rt_sys_init)
    i.rt_systick                             0x08000fe0   Section        0  rt_system.o(i.rt_systick)
    i.rt_tmr_tick                            0x0800101c   Section        0  rt_timer.o(i.rt_tmr_tick)
    i.rt_tsk_create                          0x0800105c   Section        0  rt_task.o(i.rt_tsk_create)
    i.rt_tsk_delete                          0x080010f0   Section        0  rt_task.o(i.rt_tsk_delete)
    .constdata                               0x080011ac   Section       40  rtx_config.o(.constdata)
    __tagsym$$used                           0x080011c0   Number         0  rtx_config.o(.constdata)
    __tagsym$$used                           0x080011c4   Number         0  rtx_config.o(.constdata)
    .data                                    0x20000000   Section       20  system_stm32f10x.o(.data)
    .data                                    0x20000014   Section        4  rtx_config.o(.data)
    .data                                    0x20000018   Section       65  blinky.o(.data)
    .data                                    0x2000005c   Section        8  rt_task.o(.data)
    .data                                    0x20000064   Section        4  rt_time.o(.data)
    .data                                    0x20000068   Section        1  hal_cm3.o(.data)
    .data                                    0x2000006c   Section        8  rt_system.o(.data)
    os_lock                                  0x2000006c   Data           1  rt_system.o(.data)
    os_psh_flag                              0x2000006d   Data           1  rt_system.o(.data)
    pend_flags                               0x2000006e   Data           1  rt_system.o(.data)
    .data                                    0x20000074   Section        8  rt_robin.o(.data)
    .data                                    0x2000007c   Section        8  rt_timer.o(.data)
    .bss                                     0x20000088   Section     2884  rtx_config.o(.bss)
    .bss                                     0x20000bcc   Section       48  rt_task.o(.bss)
    .bss                                     0x20000bfc   Section       48  rt_list.o(.bss)
    STACK                                    0x20000c30   Section     1024  startup_stm32f10x_md.o(STACK)

    Global Symbols

    Symbol Name                              Value     Ov Type        Size  Object(Section)

    BuildAttributes$$THM_ISAv4$P$D$K$B$S$PE$A:L22UL41UL21$X:L11$S22US41US21$IEEE1$IW$USESV6$~STKCKD$USESV7$~SHL$OSPACE$EBA8$MICROLIB$REQ8$PRES8$EABIv2 0x00000000   Number         0  anon$$obj.o ABSOLUTE
    __ARM_use_no_argv                        0x00000000   Number         0  blinky.o ABSOLUTE
    __decompress                              - Undefined Weak Reference
    _clock_init                               - Undefined Weak Reference
    __Vectors_Size                           0x000000ec   Number         0  startup_stm32f10x_md.o ABSOLUTE
    __RL_RTX_VER                             0x00000460   Number         0  rt_system.o ABSOLUTE
    __Vectors                                0x08000000   Data           4  startup_stm32f10x_md.o(RESET)
    __Vectors_End                            0x080000ec   Data           0  startup_stm32f10x_md.o(RESET)
    __main                                   0x080000ed   Thumb Code     0  entry.o(.ARM.Collect$$$$00000000)
    _main_stk                                0x080000ed   Thumb Code     0  entry2.o(.ARM.Collect$$$$00000001)
    _main_scatterload                        0x080000f1   Thumb Code     0  entry5.o(.ARM.Collect$$$$00000004)
    __main_after_scatterload                 0x080000f5   Thumb Code     0  entry5.o(.ARM.Collect$$$$00000004)
    _main_clock                              0x080000f5   Thumb Code     0  entry7b.o(.ARM.Collect$$$$00000008)
    _main_init                               0x080000f5   Thumb Code     0  entry8.o(.ARM.Collect$$$$00000009)
    rt_set_PSP                               0x08000101   Thumb Code     6  hal_cm3.o(.emb_text)
    rt_get_PSP                               0x08000107   Thumb Code     6  hal_cm3.o(.emb_text)
    os_set_env                               0x0800010d   Thumb Code    24  hal_cm3.o(.emb_text)
    _alloc_box                               0x08000129   Thumb Code    28  hal_cm3.o(.emb_text)
    _free_box                                0x08000149   Thumb Code    28  hal_cm3.o(.emb_text)
    SVC_Handler                              0x08000169   Thumb Code   124  hal_cm3.o(.emb_text)
    PendSV_Handler                           0x080001f1   Thumb Code    76  hal_cm3.o(.emb_text)
    SysTick_Handler                          0x08000241   Thumb Code     8  hal_cm3.o(.emb_text)
    OS_Tick_Handler                          0x08000249   Thumb Code    12  hal_cm3.o(.emb_text)
    Reset_Handler                            0x08000255   Thumb Code     8  startup_stm32f10x_md.o(.text)
    NMI_Handler                              0x0800025d   Thumb Code     2  startup_stm32f10x_md.o(.text)
    HardFault_Handler                        0x0800025f   Thumb Code     2  startup_stm32f10x_md.o(.text)
    MemManage_Handler                        0x08000261   Thumb Code     2  startup_stm32f10x_md.o(.text)
    BusFault_Handler                         0x08000263   Thumb Code     2  startup_stm32f10x_md.o(.text)
    UsageFault_Handler                       0x08000265   Thumb Code     2  startup_stm32f10x_md.o(.text)
    DebugMon_Handler                         0x08000269   Thumb Code     2  startup_stm32f10x_md.o(.text)
    ADC1_2_IRQHandler                        0x0800026f   Thumb Code     0  startup_stm32f10x_md.o(.text)
    CAN1_RX1_IRQHandler                      0x0800026f   Thumb Code     0  startup_stm32f10x_md.o(.text)
    CAN1_SCE_IRQHandler                      0x0800026f   Thumb Code     0  startup_stm32f10x_md.o(.text)
    DMA1_Channel1_IRQHandler                 0x0800026f   Thumb Code     0  startup_stm32f10x_md.o(.text)
    DMA1_Channel2_IRQHandler                 0x0800026f   Thumb Code     0  startup_stm32f10x_md.o(.text)
    DMA1_Channel3_IRQHandler                 0x0800026f   Thumb Code     0  startup_stm32f10x_md.o(.text)
    DMA1_Channel4_IRQHandler                 0x0800026f   Thumb Code     0  startup_stm32f10x_md.o(.text)
    DMA1_Channel5_IRQHandler                 0x0800026f   Thumb Code     0  startup_stm32f10x_md.o(.text)
    DMA1_Channel6_IRQHandler                 0x0800026f   Thumb Code     0  startup_stm32f10x_md.o(.text)
    DMA1_Channel7_IRQHandler                 0x0800026f   Thumb Code     0  startup_stm32f10x_md.o(.text)
    EXTI0_IRQHandler                         0x0800026f   Thumb Code     0  startup_stm32f10x_md.o(.text)
    EXTI15_10_IRQHandler                     0x0800026f   Thumb Code     0  startup_stm32f10x_md.o(.text)
    EXTI1_IRQHandler                         0x0800026f   Thumb Code     0  startup_stm32f10x_md.o(.text)
    EXTI2_IRQHandler                         0x0800026f   Thumb Code     0  startup_stm32f10x_md.o(.text)
    EXTI3_IRQHandler                         0x0800026f   Thumb Code     0  startup_stm32f10x_md.o(.text)
    EXTI4_IRQHandler                         0x0800026f   Thumb Code     0  startup_stm32f10x_md.o(.text)
    EXTI9_5_IRQHandler                       0x0800026f   Thumb Code     0  startup_stm32f10x_md.o(.text)
    FLASH_IRQHandler                         0x0800026f   Thumb Code     0  startup_stm32f10x_md.o(.text)
    I2C1_ER_IRQHandler                       0x0800026f   Thumb Code     0  startup_stm32f10x_md.o(.text)
    I2C1_EV_IRQHandler                       0x0800026f   Thumb Code     0  startup_stm32f10x_md.o(.text)
    I2C2_ER_IRQHandler                       0x0800026f   Thumb Code     0  startup_stm32f10x_md.o(.text)
    I2C2_EV_IRQHandler                       0x0800026f   Thumb Code     0  startup_stm32f10x_md.o(.text)
    PVD_IRQHandler                           0x0800026f   Thumb Code     0  startup_stm32f10x_md.o(.text)
    RCC_IRQHandler                           0x0800026f   Thumb Code     0  startup_stm32f10x_md.o(.text)
    RTCAlarm_IRQHandler                      0x0800026f   Thumb Code     0  startup_stm32f10x_md.o(.text)
    RTC_IRQHandler                           0x0800026f   Thumb Code     0  startup_stm32f10x_md.o(.text)
    SPI1_IRQHandler                          0x0800026f   Thumb Code     0  startup_stm32f10x_md.o(.text)
    SPI2_IRQHandler                          0x0800026f   Thumb Code     0  startup_stm32f10x_md.o(.text)
    TAMPER_IRQHandler                        0x0800026f   Thumb Code     0  startup_stm32f10x_md.o(.text)
    TIM1_BRK_IRQHandler                      0x0800026f   Thumb Code     0  startup_stm32f10x_md.o(.text)
    TIM1_CC_IRQHandler                       0x0800026f   Thumb Code     0  startup_stm32f10x_md.o(.text)
    TIM1_TRG_COM_IRQHandler                  0x0800026f   Thumb Code     0  startup_stm32f10x_md.o(.text)
    TIM1_UP_IRQHandler                       0x0800026f   Thumb Code     0  startup_stm32f10x_md.o(.text)
    TIM2_IRQHandler                          0x0800026f   Thumb Code     0  startup_stm32f10x_md.o(.text)
    TIM3_IRQHandler                          0x0800026f   Thumb Code     0  startup_stm32f10x_md.o(.text)
    TIM4_IRQHandler                          0x0800026f   Thumb Code     0  startup_stm32f10x_md.o(.text)
    USART1_IRQHandler                        0x0800026f   Thumb Code     0  startup_stm32f10x_md.o(.text)
    USART2_IRQHandler                        0x0800026f   Thumb Code     0  startup_stm32f10x_md.o(.text)
    USART3_IRQHandler                        0x0800026f   Thumb Code     0  startup_stm32f10x_md.o(.text)
    USBWakeUp_IRQHandler                     0x0800026f   Thumb Code     0  startup_stm32f10x_md.o(.text)
    USB_HP_CAN1_TX_IRQHandler                0x0800026f   Thumb Code     0  startup_stm32f10x_md.o(.text)
    USB_LP_CAN1_RX0_IRQHandler               0x0800026f   Thumb Code     0  startup_stm32f10x_md.o(.text)
    WWDG_IRQHandler                          0x0800026f   Thumb Code     0  startup_stm32f10x_md.o(.text)
    SystemInit                               0x08000341   Thumb Code    78  system_stm32f10x.o(.text)
    SystemCoreClockUpdate                    0x0800038f   Thumb Code   142  system_stm32f10x.o(.text)
    os_idle_demon                            0x08000441   Thumb Code    22  rtx_config.o(.text)
    os_tmr_call                              0x08000457   Thumb Code     2  rtx_config.o(.text)
    os_error                                 0x08000459   Thumb Code     4  rtx_config.o(.text)
    ReadInput                                0x08000469   Thumb Code   204  blinky.o(.text)
    WritePin_GPIOB                           0x08000535   Thumb Code    46  blinky.o(.text)
    WritePin_GPIOC                           0x08000563   Thumb Code    40  blinky.o(.text)
    WriteOutput                              0x0800058b   Thumb Code    60  blinky.o(.text)
    some_delay                               0x080005c7   Thumb Code    14  blinky.o(.text)
    TaskEventSimulator                       0x080005d5   Thumb Code   170  blinky.o(.text)
    TaskTrainController                      0x0800067f   Thumb Code   132  blinky.o(.text)
    TaskInit                                 0x08000703   Thumb Code    50  blinky.o(.text)
    main                                     0x08000735   Thumb Code    42  blinky.o(.text)
    __scatterload                            0x080007b5   Thumb Code    28  init.o(.text)
    __scatterload_rt2                        0x080007b5   Thumb Code     0  init.o(.text)
    SVC_Count                                0x080007d8   Data           4  SVC_Table.o(SVC_TABLE)
    SVC_Table                                0x080007dc   Data           0  SVC_Table.o(SVC_TABLE)
    __scatterload_copy                       0x080007dd   Thumb Code    14  handlers.o(i.__scatterload_copy)
    __scatterload_null                       0x080007eb   Thumb Code     2  handlers.o(i.__scatterload_null)
    __scatterload_zeroinit                   0x080007ed   Thumb Code    14  handlers.o(i.__scatterload_zeroinit)
    _init_box                                0x080007fb   Thumb Code    70  rt_membox.o(i._init_box)
    dbg_init                                 0x08000841   Thumb Code    34  hal_cm3.o(i.dbg_init)
    dbg_task_notify                          0x08000871   Thumb Code    32  hal_cm3.o(i.dbg_task_notify)
    dbg_task_switch                          0x08000891   Thumb Code    16  hal_cm3.o(i.dbg_task_switch)
    os_tick_init                             0x080008a1   Thumb Code    32  rt_system.o(i.os_tick_init)
    os_tick_irqack                           0x080008c9   Thumb Code     2  rt_system.o(i.os_tick_irqack)
    rt_alloc_box                             0x080008cb   Thumb Code    26  rt_membox.o(i.rt_alloc_box)
    rt_block                                 0x080008e5   Thumb Code    48  rt_task.o(i.rt_block)
    rt_chk_robin                             0x0800091d   Thumb Code    60  rt_robin.o(i.rt_chk_robin)
    rt_dec_dly                               0x08000965   Thumb Code   106  rt_list.o(i.rt_dec_dly)
    rt_dispatch                              0x080009d9   Thumb Code    60  rt_task.o(i.rt_dispatch)
    rt_dly_wait                              0x08000a1d   Thumb Code     6  rt_time.o(i.rt_dly_wait)
    rt_evt_psh                               0x08000a25   Thumb Code    72  rt_event.o(i.rt_evt_psh)
    rt_free_box                              0x08000a71   Thumb Code    32  rt_membox.o(i.rt_free_box)
    rt_get_first                             0x08000a91   Thumb Code    40  rt_list.o(i.rt_get_first)
    rt_init_robin                            0x08000afd   Thumb Code    14  rt_robin.o(i.rt_init_robin)
    rt_init_stack                            0x08000b15   Thumb Code    70  hal_cm3.o(i.rt_init_stack)
    rt_mbx_psh                               0x08000b65   Thumb Code   188  rt_mailbox.o(i.rt_mbx_psh)
    rt_pop_req                               0x08000c25   Thumb Code   106  rt_system.o(i.rt_pop_req)
    rt_put_dly                               0x08000c9d   Thumb Code    68  rt_list.o(i.rt_put_dly)
    rt_put_prio                              0x08000ce5   Thumb Code    54  rt_list.o(i.rt_put_prio)
    rt_put_rdy_first                         0x08000d1d   Thumb Code    14  rt_list.o(i.rt_put_rdy_first)
    rt_rmv_dly                               0x08000d31   Thumb Code    40  rt_list.o(i.rt_rmv_dly)
    rt_rmv_list                              0x08000d59   Thumb Code    44  rt_list.o(i.rt_rmv_list)
    rt_sem_init                              0x08000d89   Thumb Code    12  rt_semaphore.o(i.rt_sem_init)
    rt_sem_psh                               0x08000d95   Thumb Code    46  rt_semaphore.o(i.rt_sem_psh)
    rt_sem_send                              0x08000dc9   Thumb Code    52  rt_semaphore.o(i.rt_sem_send)
    rt_sem_wait                              0x08000e01   Thumb Code    56  rt_semaphore.o(i.rt_sem_wait)
    rt_stk_check                             0x08000e3d   Thumb Code    28  rt_system.o(i.rt_stk_check)
    rt_switch_req                            0x08000e61   Thumb Code    30  rt_task.o(i.rt_switch_req)
    rt_sys_init                              0x08000e89   Thumb Code   266  rt_task.o(i.rt_sys_init)
    rt_systick                               0x08000fe1   Thumb Code    48  rt_system.o(i.rt_systick)
    rt_tmr_tick                              0x0800101d   Thumb Code    56  rt_timer.o(i.rt_tmr_tick)
    rt_tsk_create                            0x0800105d   Thumb Code   126  rt_task.o(i.rt_tsk_create)
    rt_tsk_delete                            0x080010f1   Thumb Code   162  rt_task.o(i.rt_tsk_delete)
    os_maxtaskrun                            0x080011ac   Data           2  rtx_config.o(.constdata)
    os_stackinfo                             0x080011b0   Data           4  rtx_config.o(.constdata)
    os_rrobin                                0x080011b4   Data           4  rtx_config.o(.constdata)
    os_trv                                   0x080011b8   Data           4  rtx_config.o(.constdata)
    os_flags                                 0x080011bc   Data           1  rtx_config.o(.constdata)
    os_clockrate                             0x080011c0   Data           4  rtx_config.o(.constdata)
    os_timernum                              0x080011c4   Data           4  rtx_config.o(.constdata)
    mp_tcb_size                              0x080011c8   Data           2  rtx_config.o(.constdata)
    mp_stk_size                              0x080011cc   Data           4  rtx_config.o(.constdata)
    os_fifo_size                             0x080011d0   Data           1  rtx_config.o(.constdata)
    mp_tmr_size                              0x080011d2   Data           2  rtx_config.o(.constdata)
    Region$$Table$$Base                      0x080011d4   Number         0  anon$$obj.o(Region$$Table)
    Region$$Table$$Limit                     0x080011f4   Number         0  anon$$obj.o(Region$$Table)
    SystemCoreClock                          0x20000000   Data           4  system_stm32f10x.o(.data)
    AHBPrescTable                            0x20000004   Data          16  system_stm32f10x.o(.data)
    m_tmr                                    0x20000014   Data           4  rtx_config.o(.data)
    task_event_simulator                     0x20000018   Data           4  blinky.o(.data)
    task_train_controller                    0x2000001c   Data           4  blinky.o(.data)
    IDLE                                     0x20000020   Data           4  blinky.o(.data)
    _is_emergency_ON                         0x20000024   Data           4  blinky.o(.data)
    _is_stop_ON                              0x20000028   Data           4  blinky.o(.data)
    GPIO_A                                   0x2000002c   Data           8  blinky.o(.data)
    GPIO_B                                   0x20000034   Data           8  blinky.o(.data)
    GPIO_C                                   0x2000003c   Data           8  blinky.o(.data)
    CurrentState                             0x20000044   Data           1  blinky.o(.data)
    CurrentLeverPosition                     0x20000045   Data           1  blinky.o(.data)
    sem                                      0x20000048   Data           8  blinky.o(.data)
    in_pin_b                                 0x20000050   Data           4  blinky.o(.data)
    in_pin_c                                 0x20000054   Data           4  blinky.o(.data)
    pin_input_array                          0x20000058   Data           1  blinky.o(.data)
    os_tsk                                   0x2000005c   Data           8  rt_task.o(.data)
    os_time                                  0x20000064   Data           4  rt_time.o(.data)
    dbg_msg                                  0x20000068   Data           1  hal_cm3.o(.data)
    os_tick_irqn                             0x20000070   Data           4  rt_system.o(.data)
    os_robin                                 0x20000074   Data           8  rt_robin.o(.data)
    os_tmr                                   0x2000007c   Data           8  rt_timer.o(.data)
    mp_tcb                                   0x20000088   Data         492  rtx_config.o(.bss)
    mp_stk                                   0x20000278   Data        2216  rtx_config.o(.bss)
    os_fifo                                  0x20000b20   Data         132  rtx_config.o(.bss)
    os_active_TCB                            0x20000ba4   Data          40  rtx_config.o(.bss)
    os_idle_TCB                              0x20000bcc   Data          48  rt_task.o(.bss)
    os_rdy                                   0x20000bfc   Data          24  rt_list.o(.bss)
    os_dly                                   0x20000c14   Data          24  rt_list.o(.bss)
    __initial_sp                             0x20001030   Data           0  startup_stm32f10x_md.o(STACK)



==============================================================================

Memory Map of the image

  Image Entry point : 0x080000ed

  Load Region LR_IROM1 (Base: 0x08000000, Size: 0x00001278, Max: 0x00020000, ABSOLUTE)

    Execution Region ER_IROM1 (Base: 0x08000000, Size: 0x000011f4, Max: 0x00020000, ABSOLUTE)

    Base Addr    Size         Type   Attr      Idx    E Section Name        Object

    0x08000000   0x000000ec   Data   RO            3    RESET               startup_stm32f10x_md.o
    0x080000ec   0x00000000   Code   RO          670  * .ARM.Collect$$$$00000000  mc_w.l(entry.o)
    0x080000ec   0x00000004   Code   RO          673    .ARM.Collect$$$$00000001  mc_w.l(entry2.o)
    0x080000f0   0x00000004   Code   RO          676    .ARM.Collect$$$$00000004  mc_w.l(entry5.o)
    0x080000f4   0x00000000   Code   RO          678    .ARM.Collect$$$$00000008  mc_w.l(entry7b.o)
    0x080000f4   0x00000008   Code   RO          679    .ARM.Collect$$$$00000009  mc_w.l(entry8.o)
    0x080000fc   0x00000004   Code   RO          674    .ARM.Collect$$$$00002712  mc_w.l(entry2.o)
    0x08000100   0x00000154   Code   RO          291    .emb_text           RTX_CM3.LIB(hal_cm3.o)
    0x08000254   0x00000024   Code   RO            4    .text               startup_stm32f10x_md.o
    0x08000278   0x000001c8   Code   RO           12    .text               system_stm32f10x.o
    0x08000440   0x00000028   Code   RO           68    .text               rtx_config.o
    0x08000468   0x0000034c   Code   RO           94    .text               blinky.o
    0x080007b4   0x00000024   Code   RO          680    .text               mc_w.l(init.o)
    0x080007d8   0x00000004   Code   RO          550    SVC_TABLE           RTX_CM3.LIB(SVC_Table.o)
    0x080007dc   0x0000000e   Code   RO          684    i.__scatterload_copy  mc_w.l(handlers.o)
    0x080007ea   0x00000002   Code   RO          685    i.__scatterload_null  mc_w.l(handlers.o)
    0x080007ec   0x0000000e   Code   RO          686    i.__scatterload_zeroinit  mc_w.l(handlers.o)
    0x080007fa   0x00000046   Code   RO          517    i._init_box         RTX_CM3.LIB(rt_membox.o)
    0x08000840   0x00000030   Code   RO          292    i.dbg_init          RTX_CM3.LIB(hal_cm3.o)
    0x08000870   0x00000020   Code   RO          293    i.dbg_task_notify   RTX_CM3.LIB(hal_cm3.o)
    0x08000890   0x00000010   Code   RO          294    i.dbg_task_switch   RTX_CM3.LIB(hal_cm3.o)
    0x080008a0   0x00000028   Code   RO          333    i.os_tick_init      RTX_CM3.LIB(rt_system.o)
    0x080008c8   0x00000002   Code   RO          334    i.os_tick_irqack    RTX_CM3.LIB(rt_system.o)
    0x080008ca   0x0000001a   Code   RO          518    i.rt_alloc_box      RTX_CM3.LIB(rt_membox.o)
    0x080008e4   0x00000038   Code   RO          119    i.rt_block          RTX_CM3.LIB(rt_task.o)
    0x0800091c   0x00000048   Code   RO          495    i.rt_chk_robin      RTX_CM3.LIB(rt_robin.o)
    0x08000964   0x00000074   Code   RO          416    i.rt_dec_dly        RTX_CM3.LIB(rt_list.o)
    0x080009d8   0x00000044   Code   RO          120    i.rt_dispatch       RTX_CM3.LIB(rt_task.o)
    0x08000a1c   0x00000006   Code   RO          258    i.rt_dly_wait       RTX_CM3.LIB(rt_time.o)
    0x08000a22   0x00000002   PAD
    0x08000a24   0x0000004c   Code   RO          556    i.rt_evt_psh        RTX_CM3.LIB(rt_event.o)
    0x08000a70   0x00000020   Code   RO          519    i.rt_free_box       RTX_CM3.LIB(rt_membox.o)
    0x08000a90   0x00000028   Code   RO          417    i.rt_get_first      RTX_CM3.LIB(rt_list.o)
    0x08000ab8   0x00000044   Code   RO          121    i.rt_init_context   RTX_CM3.LIB(rt_task.o)
    0x08000afc   0x00000018   Code   RO          496    i.rt_init_robin     RTX_CM3.LIB(rt_robin.o)
    0x08000b14   0x00000050   Code   RO          295    i.rt_init_stack     RTX_CM3.LIB(hal_cm3.o)
    0x08000b64   0x000000c0   Code   RO          599    i.rt_mbx_psh        RTX_CM3.LIB(rt_mailbox.o)
    0x08000c24   0x00000078   Code   RO          335    i.rt_pop_req        RTX_CM3.LIB(rt_system.o)
    0x08000c9c   0x00000048   Code   RO          420    i.rt_put_dly        RTX_CM3.LIB(rt_list.o)
    0x08000ce4   0x00000036   Code   RO          421    i.rt_put_prio       RTX_CM3.LIB(rt_list.o)
    0x08000d1a   0x00000002   PAD
    0x08000d1c   0x00000014   Code   RO          422    i.rt_put_rdy_first  RTX_CM3.LIB(rt_list.o)
    0x08000d30   0x00000028   Code   RO          424    i.rt_rmv_dly        RTX_CM3.LIB(rt_list.o)
    0x08000d58   0x00000030   Code   RO          425    i.rt_rmv_list       RTX_CM3.LIB(rt_list.o)
    0x08000d88   0x0000000c   Code   RO          219    i.rt_sem_init       RTX_CM3.LIB(rt_semaphore.o)
    0x08000d94   0x00000034   Code   RO          220    i.rt_sem_psh        RTX_CM3.LIB(rt_semaphore.o)
    0x08000dc8   0x00000038   Code   RO          221    i.rt_sem_send       RTX_CM3.LIB(rt_semaphore.o)
    0x08000e00   0x0000003c   Code   RO          222    i.rt_sem_wait       RTX_CM3.LIB(rt_semaphore.o)
    0x08000e3c   0x00000024   Code   RO          338    i.rt_stk_check      RTX_CM3.LIB(rt_system.o)
    0x08000e60   0x00000028   Code   RO          122    i.rt_switch_req     RTX_CM3.LIB(rt_task.o)
    0x08000e88   0x00000158   Code   RO          123    i.rt_sys_init       RTX_CM3.LIB(rt_task.o)
    0x08000fe0   0x0000003c   Code   RO          340    i.rt_systick        RTX_CM3.LIB(rt_system.o)
    0x0800101c   0x00000040   Code   RO          645    i.rt_tmr_tick       RTX_CM3.LIB(rt_timer.o)
    0x0800105c   0x00000094   Code   RO          124    i.rt_tsk_create     RTX_CM3.LIB(rt_task.o)
    0x080010f0   0x000000bc   Code   RO          125    i.rt_tsk_delete     RTX_CM3.LIB(rt_task.o)
    0x080011ac   0x00000028   Data   RO           70    .constdata          rtx_config.o
    0x080011d4   0x00000020   Data   RO          682    Region$$Table       anon$$obj.o


    Execution Region RW_IRAM1 (Base: 0x20000000, Size: 0x00001030, Max: 0x00005000, ABSOLUTE)

    Base Addr    Size         Type   Attr      Idx    E Section Name        Object

    0x20000000   0x00000014   Data   RW           13    .data               system_stm32f10x.o
    0x20000014   0x00000004   Data   RW           71    .data               rtx_config.o
    0x20000018   0x00000041   Data   RW           95    .data               blinky.o
    0x20000059   0x00000003   PAD
    0x2000005c   0x00000008   Data   RW          130    .data               RTX_CM3.LIB(rt_task.o)
    0x20000064   0x00000004   Data   RW          262    .data               RTX_CM3.LIB(rt_time.o)
    0x20000068   0x00000001   Data   RW          296    .data               RTX_CM3.LIB(hal_cm3.o)
    0x20000069   0x00000003   PAD
    0x2000006c   0x00000008   Data   RW          343    .data               RTX_CM3.LIB(rt_system.o)
    0x20000074   0x00000008   Data   RW          497    .data               RTX_CM3.LIB(rt_robin.o)
    0x2000007c   0x00000008   Data   RW          646    .data               RTX_CM3.LIB(rt_timer.o)
    0x20000084   0x00000004   PAD
    0x20000088   0x00000b44   Zero   RW           69    .bss                rtx_config.o
    0x20000bcc   0x00000030   Zero   RW          129    .bss                RTX_CM3.LIB(rt_task.o)
    0x20000bfc   0x00000030   Zero   RW          426    .bss                RTX_CM3.LIB(rt_list.o)
    0x20000c2c   0x00000004   PAD
    0x20000c30   0x00000400   Zero   RW            1    STACK               startup_stm32f10x_md.o


==============================================================================

Image component sizes


      Code (inc. data)   RO Data    RW Data    ZI Data      Debug   Object Name

       844         94          0         65          0       3458   blinky.o
        40         12         40          4       2884       8664   rtx_config.o
        36          8        236          0       1024        764   startup_stm32f10x_md.o
       456         36          0         20          0       5919   system_stm32f10x.o

    ----------------------------------------------------------------------
      1376        150        308         92       3908      18805   Object Totals
         0          0         32          0          0          0   (incl. Generated)
         0          0          0          3          0          0   (incl. Padding)

    ----------------------------------------------------------------------

      Code (inc. data)   RO Data    RW Data    ZI Data      Debug   Library Member Name

         4          4          0          0          0        136   SVC_Table.o
       516         56          0          1          0       2465   hal_cm3.o
        76          4          0          0          0        541   rt_event.o
       390         24          0          0         48       3337   rt_list.o
       192          4          0          0          0        605   rt_mailbox.o
       128          0          0          0          0       1489   rt_membox.o
        96         22          0          8          0        962   rt_robin.o
       180         14          0          0          0       1883   rt_semaphore.o
       258         42          0          8          0       2962   rt_system.o
       912        156          0          8         48       6282   rt_task.o
         6          0          0          4          0        504   rt_time.o
        64          8          0          8          0        583   rt_timer.o
         0          0          0          0          0          0   entry.o
         8          4          0          0          0          0   entry2.o
         4          0          0          0          0          0   entry5.o
         0          0          0          0          0          0   entry7b.o
         8          4          0          0          0          0   entry8.o
        30          0          0          0          0          0   handlers.o
        36          8          0          0          0         68   init.o

    ----------------------------------------------------------------------
      2912        350          0         40        104      21817   Library Totals
         4          0          0          3          8          0   (incl. Padding)

    ----------------------------------------------------------------------

      Code (inc. data)   RO Data    RW Data    ZI Data      Debug   Library Name

      2822        334          0         37         96      21749   RTX_CM3.LIB
        86         16          0          0          0         68   mc_w.l

    ----------------------------------------------------------------------
      2912        350          0         40        104      21817   Library Totals

    ----------------------------------------------------------------------

==============================================================================


      Code (inc. data)   RO Data    RW Data    ZI Data      Debug   

      4288        500        308        132       4012      38698   Grand Totals
      4288        500        308        132       4012      38698   ELF Image Totals
      4288        500        308        132          0          0   ROM Totals

==============================================================================

    Total RO  Size (Code + RO Data)                 4596 (   4.49kB)
    Total RW  Size (RW Data + ZI Data)              4144 (   4.05kB)
    Total ROM Size (Code + RO Data + RW Data)       4728 (   4.62kB)

==============================================================================

